{"level":"info","message":"Listening at port number 3000","timestamp":"2025-10-15 12:48:09"}
{"level":"info","message":"Database connection established successfully at skilio-customer","timestamp":"2025-10-15 12:48:09"}
{"controller":"RegistrationController.getProfile","input":{"id":"2fe16619-b0fc-45c6-aa80-11aa328dff09"},"layer":"controller","level":"info","message":"RegistrationController.getProfile started","timestamp":"2025-10-15 12:48:14"}
{"controller":"RegistrationController.getProfile","layer":"controller","level":"info","message":"RegistrationController.getProfile completed successfully","responseTime":"169.00ms","status":200,"timestamp":"2025-10-15 12:48:14"}
{"level":"info","message":"Listening at port number 3000","timestamp":"2025-10-15 12:50:40"}
{"level":"info","message":"Database connection established successfully at skilio-customer","timestamp":"2025-10-15 12:50:40"}
{"level":"info","message":"Listening at port number 3000","timestamp":"2025-10-15 12:50:58"}
{"level":"info","message":"Database connection established successfully at skilio-customer","timestamp":"2025-10-15 12:50:58"}
{"level":"info","message":"Listening at port number 3000","timestamp":"2025-10-15 12:51:06"}
{"level":"info","message":"Database connection established successfully at skilio-customer","timestamp":"2025-10-15 12:51:06"}
{"level":"info","message":"Listening at port number 3000","timestamp":"2025-10-15 12:51:19"}
{"level":"info","message":"Database connection established successfully at skilio-customer","timestamp":"2025-10-15 12:51:19"}
{"controller":"RegistrationController.loginUser","input":{"credential":"+919876543127","pin":"****"},"layer":"controller","level":"info","message":"RegistrationController.loginUser started","timestamp":"2025-10-15 12:51:25"}
{"level":"error","message":"Pin doesnot match , please try again.","timestamp":"2025-10-15 12:51:25"}
{"controller":"RegistrationController.loginUser","layer":"controller","level":"info","message":"RegistrationController.loginUser completed successfully","responseTime":"261.58ms","status":200,"timestamp":"2025-10-15 12:51:25"}
{"controller":"RegistrationController.loginUser","input":{"credential":"+919876543127","pin":"****"},"layer":"controller","level":"info","message":"RegistrationController.loginUser started","timestamp":"2025-10-15 12:51:31"}
{"controller":"RegistrationController.loginUser","layer":"controller","level":"info","message":"RegistrationController.loginUser completed successfully","responseTime":"180.88ms","status":200,"timestamp":"2025-10-15 12:51:31"}
{"level":"info","message":"Listening at port number 3000","timestamp":"2025-10-15 12:52:49"}
{"level":"info","message":"Database connection established successfully at skilio-customer","timestamp":"2025-10-15 12:52:49"}
{"level":"info","message":"Listening at port number 3000","timestamp":"2025-10-15 12:53:06"}
{"level":"info","message":"Database connection established successfully at skilio-customer","timestamp":"2025-10-15 12:53:06"}
{"level":"info","message":"Listening at port number 3000","timestamp":"2025-10-15 12:54:05"}
{"level":"info","message":"Database connection established successfully at skilio-customer","timestamp":"2025-10-15 12:54:05"}
{"controller":"RegistrationController.loginUser","input":{"body":{"credential":"+919876543127","pin":"****"},"params":{},"qurey":{}},"layer":"controller","level":"info","message":"RegistrationController.loginUser started","timestamp":"2025-10-15 12:54:10"}
{"level":"error","message":"Pin doesnot match , please try again.","timestamp":"2025-10-15 12:54:11"}
{"controller":"RegistrationController.loginUser","layer":"controller","level":"info","message":"RegistrationController.loginUser completed successfully","responseTime":"365.88ms","status":200,"timestamp":"2025-10-15 12:54:11"}
{"controller":"RegistrationController.loginUser","input":{"body":{"credential":"+919876543127","pin":"****"},"params":{},"qurey":{}},"layer":"controller","level":"info","message":"RegistrationController.loginUser started","timestamp":"2025-10-15 12:54:16"}
{"level":"error","message":"Pin doesnot match , please try again.","timestamp":"2025-10-15 12:54:17"}
{"controller":"RegistrationController.loginUser","layer":"controller","level":"info","message":"RegistrationController.loginUser completed successfully","responseTime":"229.18ms","status":200,"timestamp":"2025-10-15 12:54:17"}
{"controller":"RegistrationController.loginUser","input":{"body":{"credential":"+919876543127","pin":"****"},"params":{},"qurey":{}},"layer":"controller","level":"info","message":"RegistrationController.loginUser started","timestamp":"2025-10-15 12:54:23"}
{"level":"error","message":"Pin doesnot match , please try again.","timestamp":"2025-10-15 12:54:23"}
{"controller":"RegistrationController.loginUser","layer":"controller","level":"info","message":"RegistrationController.loginUser completed successfully","responseTime":"186.35ms","status":200,"timestamp":"2025-10-15 12:54:23"}
{"controller":"RegistrationController.loginUser","input":{"body":{"credential":"+919876543127","pin":"****"},"params":{},"qurey":{}},"layer":"controller","level":"info","message":"RegistrationController.loginUser started","timestamp":"2025-10-15 12:54:58"}
{"level":"error","message":"Pin doesnot match , please try again.","timestamp":"2025-10-15 12:54:59"}
{"controller":"RegistrationController.loginUser","layer":"controller","level":"info","message":"RegistrationController.loginUser completed successfully","responseTime":"294.30ms","status":200,"timestamp":"2025-10-15 12:54:59"}
{"level":"info","message":"Listening at port number 3000","timestamp":"2025-10-15 12:55:42"}
{"level":"info","message":"Database connection established successfully at skilio-customer","timestamp":"2025-10-15 12:55:42"}
{"controller":"RegistrationController.loginUser","input":{"credential":"+919876543127","pin":"****"},"layer":"controller","level":"info","message":"RegistrationController.loginUser started","timestamp":"2025-10-15 12:55:45"}
{"controller":"RegistrationController.loginUser","layer":"controller","level":"info","message":"RegistrationController.loginUser completed successfully","responseTime":"187.61ms","status":200,"timestamp":"2025-10-15 12:55:45"}
{"level":"info","message":"Listening at port number 3000","timestamp":"2025-10-15 12:57:07"}
{"level":"info","message":"Database connection established successfully at skilio-customer","timestamp":"2025-10-15 12:57:07"}
{"level":"info","message":"Listening at port number 3000","timestamp":"2025-10-15 12:57:21"}
{"level":"info","message":"Database connection established successfully at skilio-customer","timestamp":"2025-10-15 12:57:21"}
{"controller":"RegistrationController.loginUser","input":{"body":{"credential":"+919876543127","pin":"****"}},"layer":"controller","level":"info","message":"RegistrationController.loginUser started","timestamp":"2025-10-15 12:57:23"}
{"level":"error","message":"Pin doesnot match , please try again.","timestamp":"2025-10-15 12:57:23"}
{"controller":"RegistrationController.loginUser","layer":"controller","level":"info","message":"RegistrationController.loginUser completed successfully","responseTime":"256.83ms","status":200,"timestamp":"2025-10-15 12:57:23"}
{"level":"info","message":"Listening at port number 3000","timestamp":"2025-10-15 12:58:25"}
{"level":"info","message":"Database connection established successfully at skilio-customer","timestamp":"2025-10-15 12:58:25"}
{"level":"info","message":"Listening at port number 3000","timestamp":"2025-10-15 12:58:29"}
{"level":"info","message":"Database connection established successfully at skilio-customer","timestamp":"2025-10-15 12:58:29"}
{"controller":"RegistrationController.loginUser","input":{"credential":"+919876543127","pin":"****"},"layer":"controller","level":"info","message":"RegistrationController.loginUser started","timestamp":"2025-10-15 12:58:42"}
{"controller":"RegistrationController.loginUser","layer":"controller","level":"info","message":"RegistrationController.loginUser completed successfully","responseTime":"431.78ms","status":200,"timestamp":"2025-10-15 12:58:43"}
{"level":"info","message":"Listening at port number 3000","timestamp":"2025-10-15 12:59:10"}
{"level":"info","message":"Database connection established successfully at skilio-customer","timestamp":"2025-10-15 12:59:10"}
{"controller":"RegistrationController.loginUser","input":{"credential":"+919876543127","params":{},"pin":"****","query":{}},"layer":"controller","level":"info","message":"RegistrationController.loginUser started","timestamp":"2025-10-15 12:59:18"}
{"controller":"RegistrationController.loginUser","layer":"controller","level":"info","message":"RegistrationController.loginUser completed successfully","responseTime":"209.86ms","status":200,"timestamp":"2025-10-15 12:59:18"}
{"level":"info","message":"Listening at port number 3000","timestamp":"2025-10-15 13:34:20"}
{"level":"info","message":"Database connection established successfully at skilio-customer","timestamp":"2025-10-15 13:34:20"}
{"level":"info","message":"Listening at port number 3000","timestamp":"2025-10-15 13:35:20"}
{"level":"info","message":"Database connection established successfully at skilio-customer","timestamp":"2025-10-15 13:35:20"}
{"controller":"RegistrationController.getProfile","input":{"params":{"id":"2fe16619-b0fc-45c6-aa80-11aa328dff09"},"query":{}},"layer":"controller","level":"info","message":"RegistrationController.getProfile started","timestamp":"2025-10-15 13:35:28"}
{"input":["2fe16619-b0fc-45c6-aa80-11aa328dff09"],"layer":"service","level":"info","message":"RegistrationService.getProfile started","method":"getProfile","service":"RegistrationService","timestamp":"2025-10-15 13:35:28"}
{"layer":"service","level":"info","message":"RegistrationService.getProfile completed successfully","method":"getProfile","responseTime":"126.26ms","service":"RegistrationService","timestamp":"2025-10-15 13:35:28"}
{"controller":"RegistrationController.getProfile","layer":"controller","level":"info","message":"RegistrationController.getProfile completed successfully","responseTime":"145.12ms","status":200,"timestamp":"2025-10-15 13:35:28"}
{"level":"info","message":"Listening at port number 3000","timestamp":"2025-10-15 13:46:17"}
{"level":"info","message":"Database connection established successfully at skilio-customer","timestamp":"2025-10-15 13:46:17"}
{"level":"info","message":"Listening at port number 3000","timestamp":"2025-10-15 13:46:35"}
{"level":"info","message":"Database connection established successfully at skilio-customer","timestamp":"2025-10-15 13:46:35"}
{"level":"info","message":"Listening at port number 3000","timestamp":"2025-10-15 13:46:53"}
{"level":"info","message":"Database connection established successfully at skilio-customer","timestamp":"2025-10-15 13:46:53"}
{"level":"info","message":"Listening at port number 3000","timestamp":"2025-10-15 13:50:24"}
{"level":"info","message":"Database connection established successfully at skilio-customer","timestamp":"2025-10-15 13:50:24"}
{"level":"info","message":"Listening at port number 3000","timestamp":"2025-10-15 13:53:44"}
{"level":"info","message":"Database connection established successfully at skilio-customer","timestamp":"2025-10-15 13:53:44"}
{"controller":"RegistrationController.getProfile","input":{"params":{"id":"2fe16619-b0fc-45c6-aa80-11aa328dff09"},"query":{}},"layer":"controller","level":"info","message":"RegistrationController.getProfile started","timestamp":"2025-10-15 13:53:51"}
{"input":["2fe16619-b0fc-45c6-aa80-11aa328dff09"],"layer":"proxy","level":"info","message":"RegistrationProxy.getProfile started","method":"getProfile","proxy":"RegistrationProxy","timestamp":"2025-10-15 13:53:51"}
{"input":["2fe16619-b0fc-45c6-aa80-11aa328dff09"],"layer":"service","level":"info","message":"RegistrationService.getProfile started","method":"getProfile","service":"RegistrationService","timestamp":"2025-10-15 13:53:51"}
{"layer":"service","level":"info","message":"RegistrationService.getProfile completed successfully","method":"getProfile","responseTime":"92.86ms","service":"RegistrationService","timestamp":"2025-10-15 13:53:51"}
{"layer":"proxy","level":"info","message":"RegistrationProxy.getProfile completed successfully","method":"getProfile","proxy":"RegistrationProxy","responseTime":"100.19ms","timestamp":"2025-10-15 13:53:51"}
{"controller":"RegistrationController.getProfile","layer":"controller","level":"info","message":"RegistrationController.getProfile completed successfully","responseTime":"111.59ms","status":200,"timestamp":"2025-10-15 13:53:51"}
{"controller":"RegistrationController.createProfile","input":{"address":{"city":"Kathmandu","country":"India","location":{"latitude":27.7172,"longitude":85.324},"pinCode":323433,"state":"Bagmati","streetAddress":"Baneshwor Road"},"contacts":[{"type":"PHONE","value":"+919876543113","verificationId":"137793d3-14eb-4c18-9fbc-8f3cf78b7b25"},{"type":"EMAIL","value":"doe13@gmail.com","verificationId":"137793d3-14eb-4c18-9fbc-8f3cf78b7b25"}],"firstName":"john","groupName":"","lastName":"doee","nickName":"doe13","params":{},"pin":"****","portfolio":{"bio":"I have been performing for over 5 years in local events and studios.","category":"Music","eventsDoneDocumentId":"551f8eb8-bcc9-435b-96d6-67cab62f8703","imageDocumentId":"fffdf949-11d7-47d0-8ae5-2c311f532fbe","proficiency":"PROFESSIONAL","subCategory":"Guitarist","totalEvents":25,"videoDocumentId":"3e61a5fa-6d91-431c-b078-b70b9cea234c"},"profileDocumentId":"b6890f46-703b-47b8-b7be-f09563db1549","profileType":"INDIVIDUAL","query":{}},"layer":"controller","level":"info","message":"RegistrationController.createProfile started","timestamp":"2025-10-15 13:54:39"}
{"input":[{"address":{"city":"Kathmandu","country":"India","location":{"latitude":27.7172,"longitude":85.324},"pinCode":323433,"state":"Bagmati","streetAddress":"Baneshwor Road"},"contacts":[{"isVerified":false,"primary":true,"type":"PHONE","value":"+919876543113","verificationId":"137793d3-14eb-4c18-9fbc-8f3cf78b7b25"},{"isVerified":false,"primary":true,"type":"EMAIL","value":"doe13@gmail.com","verificationId":"137793d3-14eb-4c18-9fbc-8f3cf78b7b25"}],"firstName":"john","groupName":"","lastName":"doee","nickName":"doe13","pin":"****","portfolio":{"bio":"I have been performing for over 5 years in local events and studios.","category":"Music","eventsDoneDocumentId":"551f8eb8-bcc9-435b-96d6-67cab62f8703","imageDocumentId":"fffdf949-11d7-47d0-8ae5-2c311f532fbe","proficiency":"PROFESSIONAL","subCategory":"Guitarist","totalEvents":25,"videoDocumentId":"3e61a5fa-6d91-431c-b078-b70b9cea234c"},"profileDocumentId":"b6890f46-703b-47b8-b7be-f09563db1549","profileType":"INDIVIDUAL"}],"layer":"proxy","level":"info","message":"RegistrationProxy.createProfile started","method":"createProfile","proxy":"RegistrationProxy","timestamp":"2025-10-15 13:54:39"}
{"input":[{"address":{"city":"Kathmandu","country":"India","location":{"latitude":27.7172,"longitude":85.324},"pinCode":323433,"state":"Bagmati","streetAddress":"Baneshwor Road"},"contacts":[{"isVerified":false,"primary":true,"type":"PHONE","value":"+919876543113","verificationId":"137793d3-14eb-4c18-9fbc-8f3cf78b7b25"},{"isVerified":false,"primary":true,"type":"EMAIL","value":"doe13@gmail.com","verificationId":"137793d3-14eb-4c18-9fbc-8f3cf78b7b25"}],"firstName":"john","groupName":"","lastName":"doee","nickName":"doe13","pin":"****","portfolio":{"bio":"I have been performing for over 5 years in local events and studios.","category":"Music","eventsDoneDocumentId":"551f8eb8-bcc9-435b-96d6-67cab62f8703","imageDocumentId":"fffdf949-11d7-47d0-8ae5-2c311f532fbe","proficiency":"PROFESSIONAL","subCategory":"Guitarist","totalEvents":25,"videoDocumentId":"3e61a5fa-6d91-431c-b078-b70b9cea234c"},"profileDocumentId":"b6890f46-703b-47b8-b7be-f09563db1549","profileType":"INDIVIDUAL"}],"layer":"service","level":"info","message":"RegistrationService.createProfile started","method":"createProfile","service":"RegistrationService","timestamp":"2025-10-15 13:54:39"}
{"layer":"service","level":"info","message":"RegistrationService.createProfile completed successfully","method":"createProfile","responseTime":"302.47ms","service":"RegistrationService","timestamp":"2025-10-15 13:54:40"}
{"layer":"proxy","level":"info","message":"RegistrationProxy.createProfile completed successfully","method":"createProfile","proxy":"RegistrationProxy","responseTime":"544.66ms","timestamp":"2025-10-15 13:54:40"}
{"controller":"RegistrationController.createProfile","layer":"controller","level":"info","message":"RegistrationController.createProfile completed successfully","responseTime":"551.25ms","status":200,"timestamp":"2025-10-15 13:54:40"}
{"controller":"RegistrationController.loginUser","input":{"credential":"+919876543127","params":{},"pin":"****","query":{}},"layer":"controller","level":"info","message":"RegistrationController.loginUser started","timestamp":"2025-10-15 14:01:52"}
{"input":["+919876543127","1234"],"layer":"proxy","level":"info","message":"RegistrationProxy.loginUser started","method":"loginUser","proxy":"RegistrationProxy","timestamp":"2025-10-15 14:01:52"}
{"input":["1234",{"contacts":[{"createdAt":"2025-10-10T09:35:13.166Z","id":"11d96603-8cb9-4ead-9c1e-d2bc40b6c910","isVerified":true,"primary":true,"profileId":"41cb3737-4f5a-4160-9372-d4f1dca430bd","type":"PHONE","updatedAt":"2025-10-10T09:35:13.166Z","value":"+919876543127"}],"createdAt":"2025-10-10T09:35:13.166Z","firstName":"john","groupName":"","id":"41cb3737-4f5a-4160-9372-d4f1dca430bd","isSubscribed":false,"lastName":"doee","nickName":"doe7","pin":"****","profileType":"INDIVIDUAL","status":"REQUESTED","updatedAt":"2025-10-10T09:35:13.166Z"}],"layer":"service","level":"info","message":"RegistrationService.loginUser started","method":"loginUser","service":"RegistrationService","timestamp":"2025-10-15 14:01:52"}
{"layer":"service","level":"info","message":"RegistrationService.loginUser completed successfully","method":"loginUser","responseTime":"93.58ms","service":"RegistrationService","timestamp":"2025-10-15 14:01:52"}
{"layer":"proxy","level":"info","message":"RegistrationProxy.loginUser completed successfully","method":"loginUser","proxy":"RegistrationProxy","responseTime":"189.81ms","timestamp":"2025-10-15 14:01:52"}
{"controller":"RegistrationController.loginUser","layer":"controller","level":"info","message":"RegistrationController.loginUser completed successfully","responseTime":"194.38ms","status":200,"timestamp":"2025-10-15 14:01:52"}
{"level":"info","message":"Listening at port number 3000","timestamp":"2025-10-15 14:05:53"}
{"level":"info","message":"Database connection established successfully at skilio-customer","timestamp":"2025-10-15 14:05:53"}
{"level":"info","message":"Listening at port number 3000","timestamp":"2025-10-15 14:06:13"}
{"level":"info","message":"Database connection established successfully at skilio-customer","timestamp":"2025-10-15 14:06:13"}
{"level":"info","message":"Listening at port number 3000","timestamp":"2025-10-15 14:07:08"}
{"level":"info","message":"Database connection established successfully at skilio-customer","timestamp":"2025-10-15 14:07:08"}
{"level":"info","message":"Listening at port number 3000","timestamp":"2025-10-15 14:07:22"}
{"level":"info","message":"Database connection established successfully at skilio-customer","timestamp":"2025-10-15 14:07:22"}
{"level":"info","message":"Listening at port number 3000","timestamp":"2025-10-15 14:08:09"}
{"level":"info","message":"Database connection established successfully at skilio-customer","timestamp":"2025-10-15 14:08:09"}
{"level":"info","message":"Listening at port number 3000","timestamp":"2025-10-15 14:08:16"}
{"level":"info","message":"Database connection established successfully at skilio-customer","timestamp":"2025-10-15 14:08:16"}
{"level":"info","message":"Listening at port number 3000","timestamp":"2025-10-15 14:08:23"}
{"level":"info","message":"Database connection established successfully at skilio-customer","timestamp":"2025-10-15 14:08:23"}
{"controller":"RegistrationController.loginUser","input":{"credential":"+919876543127","params":{},"query":{}},"layer":"controller","level":"info","message":"RegistrationController.loginUser started","timestamp":"2025-10-15 14:08:25"}
{"input":["+919876543127","1234"],"layer":"proxy","level":"info","message":"RegistrationProxy.loginUser started","method":"loginUser","proxy":"RegistrationProxy","timestamp":"2025-10-15 14:08:25"}
{"input":["1234",{"contacts":[{"createdAt":"2025-10-10T09:35:13.166Z","id":"11d96603-8cb9-4ead-9c1e-d2bc40b6c910","isVerified":true,"primary":true,"profileId":"41cb3737-4f5a-4160-9372-d4f1dca430bd","type":"PHONE","updatedAt":"2025-10-10T09:35:13.166Z","value":"+919876543127"}],"createdAt":"2025-10-10T09:35:13.166Z","firstName":"john","groupName":"","id":"41cb3737-4f5a-4160-9372-d4f1dca430bd","isSubscribed":false,"lastName":"doee","nickName":"doe7","profileType":"INDIVIDUAL","status":"REQUESTED","updatedAt":"2025-10-10T09:35:13.166Z"}],"layer":"service","level":"info","message":"RegistrationService.loginUser started","method":"loginUser","service":"RegistrationService","timestamp":"2025-10-15 14:08:25"}
{"layer":"service","level":"info","message":"RegistrationService.loginUser completed successfully","method":"loginUser","responseTime":"99.18ms","service":"RegistrationService","timestamp":"2025-10-15 14:08:25"}
{"layer":"proxy","level":"info","message":"RegistrationProxy.loginUser completed successfully","method":"loginUser","proxy":"RegistrationProxy","responseTime":"129.23ms","timestamp":"2025-10-15 14:08:25"}
{"controller":"RegistrationController.loginUser","layer":"controller","level":"info","message":"RegistrationController.loginUser completed successfully","responseTime":"139.03ms","status":200,"timestamp":"2025-10-15 14:08:25"}
{"level":"info","message":"Listening at port number 3000","timestamp":"2025-10-15 14:08:42"}
{"level":"info","message":"Database connection established successfully at skilio-customer","timestamp":"2025-10-15 14:08:42"}
{"level":"info","message":"Listening at port number 3000","timestamp":"2025-10-15 14:13:42"}
{"level":"info","message":"Database connection established successfully at skilio-customer","timestamp":"2025-10-15 14:13:42"}
{"level":"info","message":"Listening at port number 3000","timestamp":"2025-10-15 14:13:53"}
{"level":"info","message":"Database connection established successfully at skilio-customer","timestamp":"2025-10-15 14:13:53"}
{"level":"info","message":"Listening at port number 3000","timestamp":"2025-10-15 14:14:04"}
{"level":"info","message":"Database connection established successfully at skilio-customer","timestamp":"2025-10-15 14:14:04"}
{"controller":"RegistrationController.loginUser","input":{"credential":"+919876543127","params":{},"query":{}},"layer":"controller","level":"info","message":"RegistrationController.loginUser started","timestamp":"2025-10-15 14:15:14"}
{"input":{"0":"+919876543127","1":"1234"},"layer":"proxy","level":"info","message":"RegistrationProxy.loginUser started","method":"loginUser","proxy":"RegistrationProxy","timestamp":"2025-10-15 14:15:14"}
{"input":{"0":"1234","1":{"contacts":[{"createdAt":"2025-10-10T09:35:13.166Z","id":"11d96603-8cb9-4ead-9c1e-d2bc40b6c910","isVerified":true,"primary":true,"profileId":"41cb3737-4f5a-4160-9372-d4f1dca430bd","type":"PHONE","updatedAt":"2025-10-10T09:35:13.166Z","value":"+919876543127"}],"createdAt":"2025-10-10T09:35:13.166Z","firstName":"john","groupName":"","id":"41cb3737-4f5a-4160-9372-d4f1dca430bd","isSubscribed":false,"lastName":"doee","nickName":"doe7","pin":"$2b$10$1bFYnrO.3vNELlBslfRukOBpymdVJ3PHSHZlObL8el//7G.l5FZre","profileType":"INDIVIDUAL","status":"REQUESTED","updatedAt":"2025-10-10T09:35:13.166Z"}},"layer":"service","level":"info","message":"RegistrationService.loginUser started","method":"loginUser","service":"RegistrationService","timestamp":"2025-10-15 14:15:14"}
{"layer":"service","level":"info","message":"RegistrationService.loginUser completed successfully","method":"loginUser","responseTime":"104.90ms","service":"RegistrationService","timestamp":"2025-10-15 14:15:14"}
{"layer":"proxy","level":"info","message":"RegistrationProxy.loginUser completed successfully","method":"loginUser","proxy":"RegistrationProxy","responseTime":"399.41ms","timestamp":"2025-10-15 14:15:14"}
{"controller":"RegistrationController.loginUser","layer":"controller","level":"info","message":"RegistrationController.loginUser completed successfully","responseTime":"410.84ms","status":200,"timestamp":"2025-10-15 14:15:14"}
{"level":"info","message":"Listening at port number 3000","timestamp":"2025-10-15 14:15:46"}
{"level":"info","message":"Database connection established successfully at skilio-customer","timestamp":"2025-10-15 14:15:46"}
{"level":"info","message":"Listening at port number 3000","timestamp":"2025-10-15 14:15:51"}
{"level":"info","message":"Database connection established successfully at skilio-customer","timestamp":"2025-10-15 14:15:51"}
{"level":"info","message":"Listening at port number 3000","timestamp":"2025-10-15 14:17:01"}
{"level":"info","message":"Database connection established successfully at skilio-customer","timestamp":"2025-10-15 14:17:01"}
{"level":"info","message":"Listening at port number 3000","timestamp":"2025-10-15 14:17:08"}
{"level":"info","message":"Database connection established successfully at skilio-customer","timestamp":"2025-10-15 14:17:08"}
{"controller":"RegistrationController.loginUser","input":{"credential":"+919876543127","params":{},"query":{}},"layer":"controller","level":"info","message":"RegistrationController.loginUser started","timestamp":"2025-10-15 14:17:13"}
{"input":["+919876543127","1234"],"layer":"proxy","level":"info","message":"RegistrationProxy.loginUser started","method":"loginUser","proxy":"RegistrationProxy","timestamp":"2025-10-15 14:17:13"}
{"input":["1234",{"contacts":[{"createdAt":"2025-10-10T09:35:13.166Z","id":"11d96603-8cb9-4ead-9c1e-d2bc40b6c910","isVerified":true,"primary":true,"profileId":"41cb3737-4f5a-4160-9372-d4f1dca430bd","type":"PHONE","updatedAt":"2025-10-10T09:35:13.166Z","value":"+919876543127"}],"createdAt":"2025-10-10T09:35:13.166Z","firstName":"john","groupName":"","id":"41cb3737-4f5a-4160-9372-d4f1dca430bd","isSubscribed":false,"lastName":"doee","nickName":"doe7","profileType":"INDIVIDUAL","status":"REQUESTED","updatedAt":"2025-10-10T09:35:13.166Z"}],"layer":"service","level":"info","message":"RegistrationService.loginUser started","method":"loginUser","service":"RegistrationService","timestamp":"2025-10-15 14:17:13"}
{"layer":"service","level":"info","message":"RegistrationService.loginUser completed successfully","method":"loginUser","responseTime":"156.95ms","service":"RegistrationService","timestamp":"2025-10-15 14:17:13"}
{"layer":"proxy","level":"info","message":"RegistrationProxy.loginUser completed successfully","method":"loginUser","proxy":"RegistrationProxy","responseTime":"206.63ms","timestamp":"2025-10-15 14:17:13"}
{"controller":"RegistrationController.loginUser","layer":"controller","level":"info","message":"RegistrationController.loginUser completed successfully","responseTime":"236.97ms","status":200,"timestamp":"2025-10-15 14:17:13"}
{"level":"info","message":"Listening at port number 3000","timestamp":"2025-10-15 14:22:05"}
{"level":"info","message":"Database connection established successfully at skilio-customer","timestamp":"2025-10-15 14:22:05"}
{"level":"info","message":"Listening at port number 3000","timestamp":"2025-10-15 14:25:18"}
{"level":"info","message":"Database connection established successfully at skilio-customer","timestamp":"2025-10-15 14:25:18"}
{"controller":"RegistrationController.loginUser","input":{"credential":"+919876543127","params":{},"query":{}},"layer":"controller","level":"info","message":"RegistrationController.loginUser started","timestamp":"2025-10-15 14:25:31"}
{"input":["+919876543127","1234"],"layer":"proxy","level":"info","message":"RegistrationProxy.loginUser started","method":"loginUser","proxy":"RegistrationProxy","timestamp":"2025-10-15 14:25:31"}
{"input":["1234",{"contacts":[{"createdAt":"2025-10-10T09:35:13.166Z","id":"11d96603-8cb9-4ead-9c1e-d2bc40b6c910","isVerified":true,"primary":true,"profileId":"41cb3737-4f5a-4160-9372-d4f1dca430bd","type":"PHONE","updatedAt":"2025-10-10T09:35:13.166Z","value":"+919876543127"}],"createdAt":"2025-10-10T09:35:13.166Z","firstName":"john","groupName":"","id":"41cb3737-4f5a-4160-9372-d4f1dca430bd","isSubscribed":false,"lastName":"doee","nickName":"doe7","profileType":"INDIVIDUAL","status":"REQUESTED","updatedAt":"2025-10-10T09:35:13.166Z"}],"layer":"service","level":"info","message":"RegistrationService.loginUser started","method":"loginUser","service":"RegistrationService","timestamp":"2025-10-15 14:25:31"}
{"layer":"service","level":"info","message":"RegistrationService.loginUser completed successfully","method":"loginUser","responseTime":"144.58ms","service":"RegistrationService","timestamp":"2025-10-15 14:25:31"}
{"layer":"proxy","level":"info","message":"RegistrationProxy.loginUser completed successfully","method":"loginUser","proxy":"RegistrationProxy","responseTime":"480.31ms","timestamp":"2025-10-15 14:25:31"}
{"controller":"RegistrationController.loginUser","layer":"controller","level":"info","message":"RegistrationController.loginUser completed successfully","responseTime":"527.77ms","status":200,"timestamp":"2025-10-15 14:25:31"}
{"level":"info","message":"Listening at port number 3000","timestamp":"2025-10-15 14:26:42"}
{"level":"info","message":"Database connection established successfully at skilio-customer","timestamp":"2025-10-15 14:26:42"}
{"level":"info","message":"Listening at port number 3000","timestamp":"2025-10-15 14:26:52"}
{"level":"info","message":"Database connection established successfully at skilio-customer","timestamp":"2025-10-15 14:26:52"}
{"level":"info","message":"Listening at port number 3000","timestamp":"2025-10-15 14:26:59"}
{"level":"info","message":"Database connection established successfully at skilio-customer","timestamp":"2025-10-15 14:26:59"}
{"level":"info","message":"Listening at port number 3000","timestamp":"2025-10-15 14:27:20"}
{"level":"info","message":"Database connection established successfully at skilio-customer","timestamp":"2025-10-15 14:27:20"}
{"level":"info","message":"Listening at port number 3000","timestamp":"2025-10-15 14:27:34"}
{"level":"info","message":"Database connection established successfully at skilio-customer","timestamp":"2025-10-15 14:27:34"}
{"controller":"RegistrationController.loginUser","input":{"credential":"+919876543127","params":{},"query":{}},"layer":"controller","level":"info","message":"RegistrationController.loginUser started","timestamp":"2025-10-15 14:27:37"}
{"layer":"proxy","level":"info","message":"RegistrationProxy.loginUser started","method":"loginUser","proxy":"RegistrationProxy","timestamp":"2025-10-15 14:27:37"}
{"layer":"service","level":"info","message":"RegistrationService.loginUser started","method":"loginUser","service":"RegistrationService","timestamp":"2025-10-15 14:27:37"}
{"layer":"service","level":"info","message":"RegistrationService.loginUser completed successfully","method":"loginUser","responseTime":"115.26ms","service":"RegistrationService","timestamp":"2025-10-15 14:27:37"}
{"layer":"proxy","level":"info","message":"RegistrationProxy.loginUser completed successfully","method":"loginUser","proxy":"RegistrationProxy","responseTime":"146.03ms","timestamp":"2025-10-15 14:27:37"}
{"controller":"RegistrationController.loginUser","layer":"controller","level":"info","message":"RegistrationController.loginUser completed successfully","responseTime":"159.48ms","status":200,"timestamp":"2025-10-15 14:27:37"}
{"controller":"RegistrationController.getProfile","input":{"params":{"id":"2fe16619-b0fc-45c6-aa80-11aa328dff09"},"query":{}},"layer":"controller","level":"info","message":"RegistrationController.getProfile started","timestamp":"2025-10-15 14:28:42"}
{"layer":"proxy","level":"info","message":"RegistrationProxy.getProfile started","method":"getProfile","proxy":"RegistrationProxy","timestamp":"2025-10-15 14:28:42"}
{"layer":"service","level":"info","message":"RegistrationService.getProfile started","method":"getProfile","service":"RegistrationService","timestamp":"2025-10-15 14:28:42"}
{"layer":"service","level":"info","message":"RegistrationService.getProfile completed successfully","method":"getProfile","responseTime":"177.22ms","service":"RegistrationService","timestamp":"2025-10-15 14:28:42"}
{"layer":"proxy","level":"info","message":"RegistrationProxy.getProfile completed successfully","method":"getProfile","proxy":"RegistrationProxy","responseTime":"186.36ms","timestamp":"2025-10-15 14:28:42"}
{"controller":"RegistrationController.getProfile","layer":"controller","level":"info","message":"RegistrationController.getProfile completed successfully","responseTime":"193.92ms","status":200,"timestamp":"2025-10-15 14:28:42"}
{"controller":"RegistrationController.getProfiles","input":{"params":{},"query":{}},"layer":"controller","level":"info","message":"RegistrationController.getProfiles started","timestamp":"2025-10-15 14:31:23"}
{"layer":"proxy","level":"info","message":"RegistrationProxy.getProfiles started","method":"getProfiles","proxy":"RegistrationProxy","timestamp":"2025-10-15 14:31:23"}
{"layer":"service","level":"info","message":"RegistrationService.getProfiles started","method":"getProfiles","service":"RegistrationService","timestamp":"2025-10-15 14:31:23"}
{"layer":"service","level":"info","message":"RegistrationService.getProfiles completed successfully","method":"getProfiles","responseTime":"492.20ms","service":"RegistrationService","timestamp":"2025-10-15 14:31:23"}
{"layer":"proxy","level":"info","message":"RegistrationProxy.getProfiles completed successfully","method":"getProfiles","proxy":"RegistrationProxy","responseTime":"494.57ms","timestamp":"2025-10-15 14:31:23"}
{"controller":"RegistrationController.getProfiles","layer":"controller","level":"info","message":"RegistrationController.getProfiles completed successfully","responseTime":"497.78ms","status":200,"timestamp":"2025-10-15 14:31:23"}
{"level":"info","message":"Listening at port number 3000","timestamp":"2025-10-22 14:16:04"}
{"level":"info","message":"Database connection established successfully at skilio-customer","timestamp":"2025-10-22 14:16:04"}
{"controller":"RegistrationController.getProfile","input":{"params":{"id":"2fe16619-b0fc-45c6-aa80-11aa328dff09"},"query":{}},"layer":"controller","level":"info","message":"RegistrationController.getProfile started","timestamp":"2025-10-22 14:23:04"}
{"layer":"proxy","level":"info","message":"RegistrationProxy.getProfile started","method":"getProfile","proxy":"RegistrationProxy","timestamp":"2025-10-22 14:23:04"}
{"layer":"service","level":"info","message":"RegistrationService.getProfile started","method":"getProfile","service":"RegistrationService","timestamp":"2025-10-22 14:23:04"}
{"layer":"service","level":"info","message":"RegistrationService.getProfile completed successfully","method":"getProfile","responseTime":"310.15ms","service":"RegistrationService","timestamp":"2025-10-22 14:23:04"}
{"layer":"proxy","level":"info","message":"RegistrationProxy.getProfile completed successfully","method":"getProfile","proxy":"RegistrationProxy","responseTime":"313.53ms","timestamp":"2025-10-22 14:23:04"}
{"controller":"RegistrationController.getProfile","layer":"controller","level":"info","message":"RegistrationController.getProfile completed successfully","responseTime":"326.91ms","status":200,"timestamp":"2025-10-22 14:23:05"}
{"controller":"RegistrationController.getProfile","input":{"params":{"id":"2fe16619-b0fc-45c6-aa80-11aa328dff08"},"query":{}},"layer":"controller","level":"info","message":"RegistrationController.getProfile started","timestamp":"2025-10-22 14:23:14"}
{"layer":"proxy","level":"info","message":"RegistrationProxy.getProfile started","method":"getProfile","proxy":"RegistrationProxy","timestamp":"2025-10-22 14:23:14"}
{"layer":"service","level":"info","message":"RegistrationService.getProfile started","method":"getProfile","service":"RegistrationService","timestamp":"2025-10-22 14:23:14"}
{"level":"error","message":"Profile with this Id doesnot exist","timestamp":"2025-10-22 14:23:14"}
{"error":"Profile doesnot exist","layer":"service","level":"error","message":"RegistrationService.getProfile failed","method":"getProfile","responseTime":"33.42ms","service":"RegistrationService","stack":"Error: Profile doesnot exist\n    at C:\\Users\\Roshan Chaudhary\\Desktop\\skilio-customerMs\\src\\app\\modules\\registration\\registration.services.ts:158:19\n    at processTicksAndRejections (node:internal/process/task_queues:105:5)\n    at RegistraionService.getProfile (C:\\Users\\Roshan Chaudhary\\Desktop\\skilio-customerMs\\src\\app\\utils\\serviceLogging.ts:14:22)\n    at C:\\Users\\Roshan Chaudhary\\Desktop\\skilio-customerMs\\src\\app\\modules\\registration\\registration.proxy.ts:76:16\n    at RegistrationProxy.getProfile (C:\\Users\\Roshan Chaudhary\\Desktop\\skilio-customerMs\\src\\app\\utils\\proxyLogging.ts:15:22)\n    at C:\\Users\\Roshan Chaudhary\\Desktop\\skilio-customerMs\\src\\app\\modules\\registration\\registration.controller.ts:49:23\n    at C:\\Users\\Roshan Chaudhary\\Desktop\\skilio-customerMs\\src\\app\\utils\\catchAsyncError.ts:8:7\n    at C:\\Users\\Roshan Chaudhary\\Desktop\\skilio-customerMs\\src\\app\\utils\\controllerLogging.ts:20:7","timestamp":"2025-10-22 14:23:14"}
{"error":"Profile doesnot exist","layer":"proxy","level":"error","message":"RegistrationProxy.getProfile failed","method":"getProfile","proxy":"RegistrationProxy","responseTime":"77.40ms","stack":"Error: Profile doesnot exist\n    at C:\\Users\\Roshan Chaudhary\\Desktop\\skilio-customerMs\\src\\app\\modules\\registration\\registration.services.ts:158:19\n    at processTicksAndRejections (node:internal/process/task_queues:105:5)\n    at RegistraionService.getProfile (C:\\Users\\Roshan Chaudhary\\Desktop\\skilio-customerMs\\src\\app\\utils\\serviceLogging.ts:14:22)\n    at C:\\Users\\Roshan Chaudhary\\Desktop\\skilio-customerMs\\src\\app\\modules\\registration\\registration.proxy.ts:76:16\n    at RegistrationProxy.getProfile (C:\\Users\\Roshan Chaudhary\\Desktop\\skilio-customerMs\\src\\app\\utils\\proxyLogging.ts:15:22)\n    at C:\\Users\\Roshan Chaudhary\\Desktop\\skilio-customerMs\\src\\app\\modules\\registration\\registration.controller.ts:49:23\n    at C:\\Users\\Roshan Chaudhary\\Desktop\\skilio-customerMs\\src\\app\\utils\\catchAsyncError.ts:8:7\n    at C:\\Users\\Roshan Chaudhary\\Desktop\\skilio-customerMs\\src\\app\\utils\\controllerLogging.ts:20:7","timestamp":"2025-10-22 14:23:14"}
{"controller":"RegistrationController.getProfile","layer":"controller","level":"info","message":"RegistrationController.getProfile completed successfully","responseTime":"101.74ms","status":200,"timestamp":"2025-10-22 14:23:14"}
{"controller":"RegistrationController.getProfiles","input":{"params":{},"query":{}},"layer":"controller","level":"info","message":"RegistrationController.getProfiles started","timestamp":"2025-10-22 14:24:15"}
{"layer":"proxy","level":"info","message":"RegistrationProxy.getProfiles started","method":"getProfiles","proxy":"RegistrationProxy","timestamp":"2025-10-22 14:24:15"}
{"layer":"service","level":"info","message":"RegistrationService.getProfiles started","method":"getProfiles","service":"RegistrationService","timestamp":"2025-10-22 14:24:15"}
{"layer":"service","level":"info","message":"RegistrationService.getProfiles completed successfully","method":"getProfiles","responseTime":"887.68ms","service":"RegistrationService","timestamp":"2025-10-22 14:24:16"}
{"layer":"proxy","level":"info","message":"RegistrationProxy.getProfiles completed successfully","method":"getProfiles","proxy":"RegistrationProxy","responseTime":"894.12ms","timestamp":"2025-10-22 14:24:16"}
{"controller":"RegistrationController.getProfiles","layer":"controller","level":"info","message":"RegistrationController.getProfiles completed successfully","responseTime":"905.65ms","status":200,"timestamp":"2025-10-22 14:24:16"}
{"controller":"RegistrationController.getProfile","input":{"params":{"id":"2fe16619-b0fc-45c6-aa80-11aa328dff09"},"query":{}},"layer":"controller","level":"info","message":"RegistrationController.getProfile started","timestamp":"2025-10-22 14:24:53"}
{"layer":"proxy","level":"info","message":"RegistrationProxy.getProfile started","method":"getProfile","proxy":"RegistrationProxy","timestamp":"2025-10-22 14:24:53"}
{"layer":"service","level":"info","message":"RegistrationService.getProfile started","method":"getProfile","service":"RegistrationService","timestamp":"2025-10-22 14:24:53"}
{"layer":"service","level":"info","message":"RegistrationService.getProfile completed successfully","method":"getProfile","responseTime":"184.35ms","service":"RegistrationService","timestamp":"2025-10-22 14:24:53"}
{"layer":"proxy","level":"info","message":"RegistrationProxy.getProfile completed successfully","method":"getProfile","proxy":"RegistrationProxy","responseTime":"186.55ms","timestamp":"2025-10-22 14:24:53"}
{"controller":"RegistrationController.getProfile","layer":"controller","level":"info","message":"RegistrationController.getProfile completed successfully","responseTime":"193.17ms","status":200,"timestamp":"2025-10-22 14:24:53"}
{"level":"info","message":"Listening at port number 3000","timestamp":"2025-10-22 14:36:00"}
{"level":"info","message":"Database connection established successfully at skilio-customer","timestamp":"2025-10-22 14:36:00"}
{"level":"info","message":"Listening at port number 3000","timestamp":"2025-10-22 14:46:07"}
{"level":"info","message":"Database connection established successfully at skilio-customer","timestamp":"2025-10-22 14:46:07"}
{"level":"info","message":"Listening at port number 3000","timestamp":"2025-10-22 14:46:18"}
{"level":"info","message":"Database connection established successfully at skilio-customer","timestamp":"2025-10-22 14:46:18"}
{"level":"info","message":"Listening at port number 3000","timestamp":"2025-10-22 14:49:35"}
{"level":"info","message":"Database connection established successfully at skilio-customer","timestamp":"2025-10-22 14:49:35"}
{"level":"info","message":"Listening at port number 3000","timestamp":"2025-10-22 14:49:40"}
{"level":"info","message":"Database connection established successfully at skilio-customer","timestamp":"2025-10-22 14:49:40"}
{"level":"info","message":"Listening at port number 3000","timestamp":"2025-10-22 14:49:43"}
{"level":"info","message":"Database connection established successfully at skilio-customer","timestamp":"2025-10-22 14:49:43"}
{"level":"info","message":"Listening at port number 3000","timestamp":"2025-10-22 14:49:57"}
{"level":"info","message":"Database connection established successfully at skilio-customer","timestamp":"2025-10-22 14:49:57"}
{"level":"info","message":"Listening at port number 3000","timestamp":"2025-10-22 14:50:03"}
{"level":"info","message":"Database connection established successfully at skilio-customer","timestamp":"2025-10-22 14:50:03"}
{"controller":"RegistrationController.getProfile","input":{"params":{"id":"2fe16619-b0fc-45c6-aa80-11aa328dff09"},"query":{}},"layer":"controller","level":"info","message":"RegistrationController.getProfile started","timestamp":"2025-10-22 14:54:48"}
{"layer":"proxy","level":"info","message":"RegistrationProxy.getProfile started","method":"getProfile","proxy":"RegistrationProxy","timestamp":"2025-10-22 14:54:48"}
{"layer":"service","level":"info","message":"RegistrationService.getProfile started","method":"getProfile","service":"RegistrationService","timestamp":"2025-10-22 14:54:48"}
{"layer":"service","level":"info","message":"RegistrationService.getProfile completed successfully","method":"getProfile","responseTime":"145.55ms","service":"RegistrationService","timestamp":"2025-10-22 14:54:48"}
{"layer":"proxy","level":"info","message":"RegistrationProxy.getProfile completed successfully","method":"getProfile","proxy":"RegistrationProxy","responseTime":"148.83ms","timestamp":"2025-10-22 14:54:48"}
{"controller":"RegistrationController.getProfile","layer":"controller","level":"info","message":"RegistrationController.getProfile completed successfully","responseTime":"158.42ms","status":200,"timestamp":"2025-10-22 14:54:48"}
{"level":"info","message":"Listening at port number 3000","timestamp":"2025-10-22 15:02:33"}
{"level":"info","message":"Database connection established successfully at skilio-customer","timestamp":"2025-10-22 15:02:33"}
{"level":"info","message":"Listening at port number 3000","timestamp":"2025-10-22 15:02:52"}
{"level":"info","message":"Database connection established successfully at skilio-customer","timestamp":"2025-10-22 15:02:52"}
{"level":"info","message":"Listening at port number 3000","timestamp":"2025-10-22 15:03:21"}
{"level":"info","message":"Database connection established successfully at skilio-customer","timestamp":"2025-10-22 15:03:21"}
{"level":"info","message":"Listening at port number 3000","timestamp":"2025-10-22 15:03:26"}
{"level":"info","message":"Database connection established successfully at skilio-customer","timestamp":"2025-10-22 15:03:26"}
{"level":"info","message":"Listening at port number 3000","timestamp":"2025-10-22 15:03:37"}
{"level":"info","message":"Database connection established successfully at skilio-customer","timestamp":"2025-10-22 15:03:37"}
{"level":"info","message":"Listening at port number 3000","timestamp":"2025-10-22 15:03:58"}
{"level":"info","message":"Database connection established successfully at skilio-customer","timestamp":"2025-10-22 15:03:58"}
{"level":"info","message":"Listening at port number 3000","timestamp":"2025-10-22 15:06:03"}
{"level":"info","message":"Database connection established successfully at skilio-customer","timestamp":"2025-10-22 15:06:03"}
{"level":"info","message":"Listening at port number 3000","timestamp":"2025-10-22 15:06:43"}
{"level":"info","message":"Database connection established successfully at skilio-customer","timestamp":"2025-10-22 15:06:43"}
{"level":"info","message":"Listening at port number 3000","timestamp":"2025-10-22 15:07:13"}
{"level":"info","message":"Database connection established successfully at skilio-customer","timestamp":"2025-10-22 15:07:13"}
{"level":"info","message":"Listening at port number 3000","timestamp":"2025-10-22 15:08:00"}
{"level":"info","message":"Database connection established successfully at skilio-customer","timestamp":"2025-10-22 15:08:00"}
{"level":"info","message":"Listening at port number 3000","timestamp":"2025-10-22 15:08:19"}
{"level":"info","message":"Database connection established successfully at skilio-customer","timestamp":"2025-10-22 15:08:19"}
{"level":"info","message":"Listening at port number 3000","timestamp":"2025-10-22 15:08:48"}
{"level":"info","message":"Database connection established successfully at skilio-customer","timestamp":"2025-10-22 15:08:48"}
{"level":"info","message":"Listening at port number 3000","timestamp":"2025-10-22 15:09:39"}
{"level":"info","message":"Database connection established successfully at skilio-customer","timestamp":"2025-10-22 15:09:39"}
{"level":"info","message":"Listening at port number 3000","timestamp":"2025-10-22 15:10:26"}
{"level":"info","message":"Database connection established successfully at skilio-customer","timestamp":"2025-10-22 15:10:26"}
{"controller":"RegistrationController.getProfiles","input":{"params":{},"query":{"limit":"5","page":"1"}},"layer":"controller","level":"info","message":"RegistrationController.getProfiles started","timestamp":"2025-10-22 15:10:50"}
{"layer":"proxy","level":"info","message":"RegistrationProxy.getProfiles started","method":"getProfiles","proxy":"RegistrationProxy","timestamp":"2025-10-22 15:10:50"}
{"layer":"service","level":"info","message":"RegistrationService.getProfiles started","method":"getProfiles","service":"RegistrationService","timestamp":"2025-10-22 15:10:50"}
{"layer":"service","level":"info","message":"RegistrationService.getProfiles completed successfully","method":"getProfiles","responseTime":"238.03ms","service":"RegistrationService","timestamp":"2025-10-22 15:10:51"}
{"layer":"proxy","level":"info","message":"RegistrationProxy.getProfiles completed successfully","method":"getProfiles","proxy":"RegistrationProxy","responseTime":"241.35ms","timestamp":"2025-10-22 15:10:51"}
{"controller":"RegistrationController.getProfiles","layer":"controller","level":"info","message":"RegistrationController.getProfiles completed successfully","responseTime":"252.86ms","status":200,"timestamp":"2025-10-22 15:10:51"}
{"controller":"RegistrationController.getProfiles","input":{"params":{},"query":{"limit":"5","page":"2"}},"layer":"controller","level":"info","message":"RegistrationController.getProfiles started","timestamp":"2025-10-22 15:11:00"}
{"layer":"proxy","level":"info","message":"RegistrationProxy.getProfiles started","method":"getProfiles","proxy":"RegistrationProxy","timestamp":"2025-10-22 15:11:00"}
{"layer":"service","level":"info","message":"RegistrationService.getProfiles started","method":"getProfiles","service":"RegistrationService","timestamp":"2025-10-22 15:11:00"}
{"layer":"service","level":"info","message":"RegistrationService.getProfiles completed successfully","method":"getProfiles","responseTime":"50.18ms","service":"RegistrationService","timestamp":"2025-10-22 15:11:00"}
{"layer":"proxy","level":"info","message":"RegistrationProxy.getProfiles completed successfully","method":"getProfiles","proxy":"RegistrationProxy","responseTime":"53.01ms","timestamp":"2025-10-22 15:11:00"}
{"controller":"RegistrationController.getProfiles","layer":"controller","level":"info","message":"RegistrationController.getProfiles completed successfully","responseTime":"55.51ms","status":200,"timestamp":"2025-10-22 15:11:00"}
{"controller":"RegistrationController.getProfiles","input":{"params":{},"query":{"limit":"10","page":"2"}},"layer":"controller","level":"info","message":"RegistrationController.getProfiles started","timestamp":"2025-10-22 15:11:07"}
{"layer":"proxy","level":"info","message":"RegistrationProxy.getProfiles started","method":"getProfiles","proxy":"RegistrationProxy","timestamp":"2025-10-22 15:11:07"}
{"layer":"service","level":"info","message":"RegistrationService.getProfiles started","method":"getProfiles","service":"RegistrationService","timestamp":"2025-10-22 15:11:07"}
{"layer":"service","level":"info","message":"RegistrationService.getProfiles completed successfully","method":"getProfiles","responseTime":"34.34ms","service":"RegistrationService","timestamp":"2025-10-22 15:11:07"}
{"layer":"proxy","level":"info","message":"RegistrationProxy.getProfiles completed successfully","method":"getProfiles","proxy":"RegistrationProxy","responseTime":"36.03ms","timestamp":"2025-10-22 15:11:07"}
{"controller":"RegistrationController.getProfiles","layer":"controller","level":"info","message":"RegistrationController.getProfiles completed successfully","responseTime":"38.84ms","status":200,"timestamp":"2025-10-22 15:11:07"}
{"controller":"RegistrationController.getProfiles","input":{"params":{},"query":{"limit":"10","page":"1"}},"layer":"controller","level":"info","message":"RegistrationController.getProfiles started","timestamp":"2025-10-22 15:11:13"}
{"layer":"proxy","level":"info","message":"RegistrationProxy.getProfiles started","method":"getProfiles","proxy":"RegistrationProxy","timestamp":"2025-10-22 15:11:13"}
{"layer":"service","level":"info","message":"RegistrationService.getProfiles started","method":"getProfiles","service":"RegistrationService","timestamp":"2025-10-22 15:11:13"}
{"layer":"service","level":"info","message":"RegistrationService.getProfiles completed successfully","method":"getProfiles","responseTime":"273.20ms","service":"RegistrationService","timestamp":"2025-10-22 15:11:13"}
{"layer":"proxy","level":"info","message":"RegistrationProxy.getProfiles completed successfully","method":"getProfiles","proxy":"RegistrationProxy","responseTime":"274.73ms","timestamp":"2025-10-22 15:11:13"}
{"controller":"RegistrationController.getProfiles","layer":"controller","level":"info","message":"RegistrationController.getProfiles completed successfully","responseTime":"277.19ms","status":200,"timestamp":"2025-10-22 15:11:13"}
{"level":"info","message":"Listening at port number 3000","timestamp":"2025-10-22 15:11:20"}
{"level":"info","message":"Database connection established successfully at skilio-customer","timestamp":"2025-10-22 15:11:20"}
{"controller":"RegistrationController.getProfiles","input":{"params":{},"query":{"limit":"10","page":"1"}},"layer":"controller","level":"info","message":"RegistrationController.getProfiles started","timestamp":"2025-10-22 15:15:49"}
{"layer":"proxy","level":"info","message":"RegistrationProxy.getProfiles started","method":"getProfiles","proxy":"RegistrationProxy","timestamp":"2025-10-22 15:15:49"}
{"layer":"service","level":"info","message":"RegistrationService.getProfiles started","method":"getProfiles","service":"RegistrationService","timestamp":"2025-10-22 15:15:49"}
{"layer":"service","level":"info","message":"RegistrationService.getProfiles completed successfully","method":"getProfiles","responseTime":"375.90ms","service":"RegistrationService","timestamp":"2025-10-22 15:15:50"}
{"layer":"proxy","level":"info","message":"RegistrationProxy.getProfiles completed successfully","method":"getProfiles","proxy":"RegistrationProxy","responseTime":"378.44ms","timestamp":"2025-10-22 15:15:50"}
{"controller":"RegistrationController.getProfiles","layer":"controller","level":"info","message":"RegistrationController.getProfiles completed successfully","responseTime":"391.39ms","status":200,"timestamp":"2025-10-22 15:15:50"}
{"controller":"RegistrationController.getProfiles","input":{"params":{},"query":{"limit":"10","page":"2"}},"layer":"controller","level":"info","message":"RegistrationController.getProfiles started","timestamp":"2025-10-22 15:15:59"}
{"layer":"proxy","level":"info","message":"RegistrationProxy.getProfiles started","method":"getProfiles","proxy":"RegistrationProxy","timestamp":"2025-10-22 15:15:59"}
{"layer":"service","level":"info","message":"RegistrationService.getProfiles started","method":"getProfiles","service":"RegistrationService","timestamp":"2025-10-22 15:15:59"}
{"layer":"service","level":"info","message":"RegistrationService.getProfiles completed successfully","method":"getProfiles","responseTime":"41.61ms","service":"RegistrationService","timestamp":"2025-10-22 15:15:59"}
{"layer":"proxy","level":"info","message":"RegistrationProxy.getProfiles completed successfully","method":"getProfiles","proxy":"RegistrationProxy","responseTime":"43.61ms","timestamp":"2025-10-22 15:15:59"}
{"controller":"RegistrationController.getProfiles","layer":"controller","level":"info","message":"RegistrationController.getProfiles completed successfully","responseTime":"47.11ms","status":200,"timestamp":"2025-10-22 15:15:59"}
{"controller":"RegistrationController.getProfile","input":{"params":{"id":"2fe16619-b0fc-45c6-aa80-11aa328dff09"},"query":{}},"layer":"controller","level":"info","message":"RegistrationController.getProfile started","timestamp":"2025-10-22 15:16:15"}
{"layer":"proxy","level":"info","message":"RegistrationProxy.getProfile started","method":"getProfile","proxy":"RegistrationProxy","timestamp":"2025-10-22 15:16:15"}
{"layer":"service","level":"info","message":"RegistrationService.getProfile started","method":"getProfile","service":"RegistrationService","timestamp":"2025-10-22 15:16:15"}
{"layer":"service","level":"info","message":"RegistrationService.getProfile completed successfully","method":"getProfile","responseTime":"212.26ms","service":"RegistrationService","timestamp":"2025-10-22 15:16:15"}
{"layer":"proxy","level":"info","message":"RegistrationProxy.getProfile completed successfully","method":"getProfile","proxy":"RegistrationProxy","responseTime":"214.32ms","timestamp":"2025-10-22 15:16:15"}
{"controller":"RegistrationController.getProfile","layer":"controller","level":"info","message":"RegistrationController.getProfile completed successfully","responseTime":"219.32ms","status":200,"timestamp":"2025-10-22 15:16:15"}
{"controller":"RegistrationController.getProfile","input":{"params":{"id":"2fe16619-b0fc-45c6-aa80-11aa328dff08"},"query":{}},"layer":"controller","level":"info","message":"RegistrationController.getProfile started","timestamp":"2025-10-22 15:16:20"}
{"layer":"proxy","level":"info","message":"RegistrationProxy.getProfile started","method":"getProfile","proxy":"RegistrationProxy","timestamp":"2025-10-22 15:16:20"}
{"layer":"service","level":"info","message":"RegistrationService.getProfile started","method":"getProfile","service":"RegistrationService","timestamp":"2025-10-22 15:16:20"}
{"level":"error","message":"Profile with this Id doesnot exist","timestamp":"2025-10-22 15:16:20"}
{"error":"Profile does not exist","layer":"service","level":"error","message":"RegistrationService.getProfile failed","method":"getProfile","responseTime":"20.19ms","service":"RegistrationService","stack":"Error: Profile does not exist\n    at C:\\Users\\Roshan Chaudhary\\Desktop\\skilio-customerMs\\src\\app\\modules\\registration\\registration.services.ts:158:19\n    at processTicksAndRejections (node:internal/process/task_queues:105:5)\n    at RegistraionService.getProfile (C:\\Users\\Roshan Chaudhary\\Desktop\\skilio-customerMs\\src\\app\\utils\\serviceLogging.ts:14:22)\n    at C:\\Users\\Roshan Chaudhary\\Desktop\\skilio-customerMs\\src\\app\\modules\\registration\\registration.proxy.ts:76:16\n    at RegistrationProxy.getProfile (C:\\Users\\Roshan Chaudhary\\Desktop\\skilio-customerMs\\src\\app\\utils\\proxyLogging.ts:15:22)\n    at C:\\Users\\Roshan Chaudhary\\Desktop\\skilio-customerMs\\src\\app\\modules\\registration\\registration.controller.ts:49:23\n    at C:\\Users\\Roshan Chaudhary\\Desktop\\skilio-customerMs\\src\\app\\utils\\catchAsyncError.ts:8:7\n    at C:\\Users\\Roshan Chaudhary\\Desktop\\skilio-customerMs\\src\\app\\utils\\controllerLogging.ts:20:7","timestamp":"2025-10-22 15:16:20"}
{"error":"Profile does not exist","layer":"proxy","level":"error","message":"RegistrationProxy.getProfile failed","method":"getProfile","proxy":"RegistrationProxy","responseTime":"45.88ms","stack":"Error: Profile does not exist\n    at C:\\Users\\Roshan Chaudhary\\Desktop\\skilio-customerMs\\src\\app\\modules\\registration\\registration.services.ts:158:19\n    at processTicksAndRejections (node:internal/process/task_queues:105:5)\n    at RegistraionService.getProfile (C:\\Users\\Roshan Chaudhary\\Desktop\\skilio-customerMs\\src\\app\\utils\\serviceLogging.ts:14:22)\n    at C:\\Users\\Roshan Chaudhary\\Desktop\\skilio-customerMs\\src\\app\\modules\\registration\\registration.proxy.ts:76:16\n    at RegistrationProxy.getProfile (C:\\Users\\Roshan Chaudhary\\Desktop\\skilio-customerMs\\src\\app\\utils\\proxyLogging.ts:15:22)\n    at C:\\Users\\Roshan Chaudhary\\Desktop\\skilio-customerMs\\src\\app\\modules\\registration\\registration.controller.ts:49:23\n    at C:\\Users\\Roshan Chaudhary\\Desktop\\skilio-customerMs\\src\\app\\utils\\catchAsyncError.ts:8:7\n    at C:\\Users\\Roshan Chaudhary\\Desktop\\skilio-customerMs\\src\\app\\utils\\controllerLogging.ts:20:7","timestamp":"2025-10-22 15:16:20"}
{"controller":"RegistrationController.getProfile","layer":"controller","level":"info","message":"RegistrationController.getProfile completed successfully","responseTime":"53.21ms","status":200,"timestamp":"2025-10-22 15:16:20"}
{"level":"info","message":"Listening at port number 3000","timestamp":"2025-10-22 15:17:02"}
{"level":"info","message":"Database connection established successfully at skilio-customer","timestamp":"2025-10-22 15:17:02"}
{"controller":"RegistrationController.getProfiles","input":{"params":{},"query":{"limit":"10","page":"3"}},"layer":"controller","level":"info","message":"RegistrationController.getProfiles started","timestamp":"2025-10-22 15:17:34"}
{"layer":"proxy","level":"info","message":"RegistrationProxy.getProfiles started","method":"getProfiles","proxy":"RegistrationProxy","timestamp":"2025-10-22 15:17:34"}
{"layer":"service","level":"info","message":"RegistrationService.getProfiles started","method":"getProfiles","service":"RegistrationService","timestamp":"2025-10-22 15:17:34"}
{"level":"error","message":"No profiles found","timestamp":"2025-10-22 15:17:34"}
{"error":"No profiles found","layer":"service","level":"error","message":"RegistrationService.getProfiles failed","method":"getProfiles","responseTime":"90.34ms","service":"RegistrationService","stack":"Error: No profiles found\n    at C:\\Users\\Roshan Chaudhary\\Desktop\\skilio-customerMs\\src\\app\\modules\\registration\\registration.services.ts:236:19\n    at processTicksAndRejections (node:internal/process/task_queues:105:5)\n    at RegistraionService.getProfiles (C:\\Users\\Roshan Chaudhary\\Desktop\\skilio-customerMs\\src\\app\\utils\\serviceLogging.ts:14:22)\n    at C:\\Users\\Roshan Chaudhary\\Desktop\\skilio-customerMs\\src\\app\\modules\\registration\\registration.proxy.ts:84:16\n    at RegistrationProxy.getProfiles (C:\\Users\\Roshan Chaudhary\\Desktop\\skilio-customerMs\\src\\app\\utils\\proxyLogging.ts:15:22)\n    at C:\\Users\\Roshan Chaudhary\\Desktop\\skilio-customerMs\\src\\app\\modules\\registration\\registration.controller.ts:68:23\n    at C:\\Users\\Roshan Chaudhary\\Desktop\\skilio-customerMs\\src\\app\\utils\\catchAsyncError.ts:8:7\n    at C:\\Users\\Roshan Chaudhary\\Desktop\\skilio-customerMs\\src\\app\\utils\\controllerLogging.ts:20:7","timestamp":"2025-10-22 15:17:34"}
{"error":"No profiles found","layer":"proxy","level":"error","message":"RegistrationProxy.getProfiles failed","method":"getProfiles","proxy":"RegistrationProxy","responseTime":"113.41ms","stack":"Error: No profiles found\n    at C:\\Users\\Roshan Chaudhary\\Desktop\\skilio-customerMs\\src\\app\\modules\\registration\\registration.services.ts:236:19\n    at processTicksAndRejections (node:internal/process/task_queues:105:5)\n    at RegistraionService.getProfiles (C:\\Users\\Roshan Chaudhary\\Desktop\\skilio-customerMs\\src\\app\\utils\\serviceLogging.ts:14:22)\n    at C:\\Users\\Roshan Chaudhary\\Desktop\\skilio-customerMs\\src\\app\\modules\\registration\\registration.proxy.ts:84:16\n    at RegistrationProxy.getProfiles (C:\\Users\\Roshan Chaudhary\\Desktop\\skilio-customerMs\\src\\app\\utils\\proxyLogging.ts:15:22)\n    at C:\\Users\\Roshan Chaudhary\\Desktop\\skilio-customerMs\\src\\app\\modules\\registration\\registration.controller.ts:68:23\n    at C:\\Users\\Roshan Chaudhary\\Desktop\\skilio-customerMs\\src\\app\\utils\\catchAsyncError.ts:8:7\n    at C:\\Users\\Roshan Chaudhary\\Desktop\\skilio-customerMs\\src\\app\\utils\\controllerLogging.ts:20:7","timestamp":"2025-10-22 15:17:34"}
{"controller":"RegistrationController.getProfiles","layer":"controller","level":"info","message":"RegistrationController.getProfiles completed successfully","responseTime":"123.76ms","status":200,"timestamp":"2025-10-22 15:17:34"}
{"level":"info","message":"Listening at port number 3000","timestamp":"2025-10-22 15:18:09"}
{"level":"info","message":"Database connection established successfully at skilio-customer","timestamp":"2025-10-22 15:18:09"}
{"controller":"RegistrationController.getProfiles","input":{"params":{},"query":{"limit":"10","page":"3"}},"layer":"controller","level":"info","message":"RegistrationController.getProfiles started","timestamp":"2025-10-22 15:18:11"}
{"layer":"proxy","level":"info","message":"RegistrationProxy.getProfiles started","method":"getProfiles","proxy":"RegistrationProxy","timestamp":"2025-10-22 15:18:11"}
{"layer":"service","level":"info","message":"RegistrationService.getProfiles started","method":"getProfiles","service":"RegistrationService","timestamp":"2025-10-22 15:18:11"}
{"layer":"service","level":"info","message":"RegistrationService.getProfiles completed successfully","method":"getProfiles","responseTime":"42.76ms","service":"RegistrationService","timestamp":"2025-10-22 15:18:11"}
{"layer":"proxy","level":"info","message":"RegistrationProxy.getProfiles completed successfully","method":"getProfiles","proxy":"RegistrationProxy","responseTime":"45.14ms","timestamp":"2025-10-22 15:18:11"}
{"controller":"RegistrationController.getProfiles","layer":"controller","level":"info","message":"RegistrationController.getProfiles completed successfully","responseTime":"52.02ms","status":200,"timestamp":"2025-10-22 15:18:11"}
{"controller":"RegistrationController.getProfiles","input":{"params":{},"query":{"limit":"10","page":"1"}},"layer":"controller","level":"info","message":"RegistrationController.getProfiles started","timestamp":"2025-10-22 15:19:32"}
{"layer":"proxy","level":"info","message":"RegistrationProxy.getProfiles started","method":"getProfiles","proxy":"RegistrationProxy","timestamp":"2025-10-22 15:19:32"}
{"layer":"service","level":"info","message":"RegistrationService.getProfiles started","method":"getProfiles","service":"RegistrationService","timestamp":"2025-10-22 15:19:32"}
{"layer":"service","level":"info","message":"RegistrationService.getProfiles completed successfully","method":"getProfiles","responseTime":"437.66ms","service":"RegistrationService","timestamp":"2025-10-22 15:19:32"}
{"layer":"proxy","level":"info","message":"RegistrationProxy.getProfiles completed successfully","method":"getProfiles","proxy":"RegistrationProxy","responseTime":"441.38ms","timestamp":"2025-10-22 15:19:32"}
{"controller":"RegistrationController.getProfiles","layer":"controller","level":"info","message":"RegistrationController.getProfiles completed successfully","responseTime":"446.85ms","status":200,"timestamp":"2025-10-22 15:19:32"}
{"controller":"RegistrationController.getProfiles","input":{"params":{},"query":{"limit":"10","page":"3"}},"layer":"controller","level":"info","message":"RegistrationController.getProfiles started","timestamp":"2025-10-22 15:20:03"}
{"layer":"proxy","level":"info","message":"RegistrationProxy.getProfiles started","method":"getProfiles","proxy":"RegistrationProxy","timestamp":"2025-10-22 15:20:03"}
{"layer":"service","level":"info","message":"RegistrationService.getProfiles started","method":"getProfiles","service":"RegistrationService","timestamp":"2025-10-22 15:20:03"}
{"layer":"service","level":"info","message":"RegistrationService.getProfiles completed successfully","method":"getProfiles","responseTime":"203.55ms","service":"RegistrationService","timestamp":"2025-10-22 15:20:03"}
{"layer":"proxy","level":"info","message":"RegistrationProxy.getProfiles completed successfully","method":"getProfiles","proxy":"RegistrationProxy","responseTime":"204.97ms","timestamp":"2025-10-22 15:20:03"}
{"controller":"RegistrationController.getProfiles","layer":"controller","level":"info","message":"RegistrationController.getProfiles completed successfully","responseTime":"209.37ms","status":200,"timestamp":"2025-10-22 15:20:03"}
{"level":"info","message":"Listening at port number 3000","timestamp":"2025-10-22 15:22:20"}
{"level":"info","message":"Database connection established successfully at skilio-customer","timestamp":"2025-10-22 15:22:20"}
{"controller":"RegistrationController.getProfile","input":{"params":{"id":"2fe16619-b0fc-45c6-aa80-11aa328dff09"},"query":{}},"layer":"controller","level":"info","message":"RegistrationController.getProfile started","timestamp":"2025-10-22 15:22:23"}
{"layer":"proxy","level":"info","message":"RegistrationProxy.getProfile started","method":"getProfile","proxy":"RegistrationProxy","timestamp":"2025-10-22 15:22:23"}
{"layer":"service","level":"info","message":"RegistrationService.getProfile started","method":"getProfile","service":"RegistrationService","timestamp":"2025-10-22 15:22:23"}
{"layer":"service","level":"info","message":"RegistrationService.getProfile completed successfully","method":"getProfile","responseTime":"73.24ms","service":"RegistrationService","timestamp":"2025-10-22 15:22:23"}
{"layer":"proxy","level":"info","message":"RegistrationProxy.getProfile completed successfully","method":"getProfile","proxy":"RegistrationProxy","responseTime":"77.21ms","timestamp":"2025-10-22 15:22:23"}
{"controller":"RegistrationController.getProfile","layer":"controller","level":"info","message":"RegistrationController.getProfile completed successfully","responseTime":"84.81ms","status":200,"timestamp":"2025-10-22 15:22:23"}
{"controller":"RegistrationController.getProfile","input":{"params":{"id":"66d013ce-feb8-48a0-8fdf-2f64e7725bf2"},"query":{}},"layer":"controller","level":"info","message":"RegistrationController.getProfile started","timestamp":"2025-10-22 15:25:27"}
{"layer":"proxy","level":"info","message":"RegistrationProxy.getProfile started","method":"getProfile","proxy":"RegistrationProxy","timestamp":"2025-10-22 15:25:27"}
{"layer":"service","level":"info","message":"RegistrationService.getProfile started","method":"getProfile","service":"RegistrationService","timestamp":"2025-10-22 15:25:27"}
{"layer":"service","level":"info","message":"RegistrationService.getProfile completed successfully","method":"getProfile","responseTime":"281.74ms","service":"RegistrationService","timestamp":"2025-10-22 15:25:27"}
{"layer":"proxy","level":"info","message":"RegistrationProxy.getProfile completed successfully","method":"getProfile","proxy":"RegistrationProxy","responseTime":"285.21ms","timestamp":"2025-10-22 15:25:27"}
{"controller":"RegistrationController.getProfile","layer":"controller","level":"info","message":"RegistrationController.getProfile completed successfully","responseTime":"291.27ms","status":200,"timestamp":"2025-10-22 15:25:27"}
{"controller":"RegistrationController.getProfile","input":{"params":{"id":"ad099607-428e-4d98-9184-b97495bf9064"},"query":{}},"layer":"controller","level":"info","message":"RegistrationController.getProfile started","timestamp":"2025-10-22 15:26:55"}
{"layer":"proxy","level":"info","message":"RegistrationProxy.getProfile started","method":"getProfile","proxy":"RegistrationProxy","timestamp":"2025-10-22 15:26:55"}
{"layer":"service","level":"info","message":"RegistrationService.getProfile started","method":"getProfile","service":"RegistrationService","timestamp":"2025-10-22 15:26:55"}
{"layer":"service","level":"info","message":"RegistrationService.getProfile completed successfully","method":"getProfile","responseTime":"154.36ms","service":"RegistrationService","timestamp":"2025-10-22 15:26:55"}
{"layer":"proxy","level":"info","message":"RegistrationProxy.getProfile completed successfully","method":"getProfile","proxy":"RegistrationProxy","responseTime":"156.87ms","timestamp":"2025-10-22 15:26:55"}
{"controller":"RegistrationController.getProfile","layer":"controller","level":"info","message":"RegistrationController.getProfile completed successfully","responseTime":"160.39ms","status":200,"timestamp":"2025-10-22 15:26:55"}
{"level":"info","message":"Listening at port number 3000","timestamp":"2025-10-22 15:31:36"}
{"level":"info","message":"Database connection established successfully at skilio-customer","timestamp":"2025-10-22 15:31:36"}
{"controller":"RegistrationController.getProfiles","input":{"params":{},"query":{"limit":"10","page":"3"}},"layer":"controller","level":"info","message":"RegistrationController.getProfiles started","timestamp":"2025-10-22 15:31:38"}
{"layer":"proxy","level":"info","message":"RegistrationProxy.getProfiles started","method":"getProfiles","proxy":"RegistrationProxy","timestamp":"2025-10-22 15:31:38"}
{"layer":"service","level":"info","message":"RegistrationService.getProfiles started","method":"getProfiles","service":"RegistrationService","timestamp":"2025-10-22 15:31:38"}
{"layer":"service","level":"info","message":"RegistrationService.getProfiles completed successfully","method":"getProfiles","responseTime":"69.20ms","service":"RegistrationService","timestamp":"2025-10-22 15:31:39"}
{"layer":"proxy","level":"info","message":"RegistrationProxy.getProfiles completed successfully","method":"getProfiles","proxy":"RegistrationProxy","responseTime":"75.73ms","timestamp":"2025-10-22 15:31:39"}
{"controller":"RegistrationController.getProfiles","layer":"controller","level":"info","message":"RegistrationController.getProfiles completed successfully","responseTime":"96.41ms","status":200,"timestamp":"2025-10-22 15:31:39"}
{"controller":"RegistrationController.getProfiles","input":{"params":{},"query":{"limit":"10","page":"2"}},"layer":"controller","level":"info","message":"RegistrationController.getProfiles started","timestamp":"2025-10-22 15:31:42"}
{"layer":"proxy","level":"info","message":"RegistrationProxy.getProfiles started","method":"getProfiles","proxy":"RegistrationProxy","timestamp":"2025-10-22 15:31:42"}
{"layer":"service","level":"info","message":"RegistrationService.getProfiles started","method":"getProfiles","service":"RegistrationService","timestamp":"2025-10-22 15:31:42"}
{"layer":"service","level":"info","message":"RegistrationService.getProfiles completed successfully","method":"getProfiles","responseTime":"145.56ms","service":"RegistrationService","timestamp":"2025-10-22 15:31:42"}
{"layer":"proxy","level":"info","message":"RegistrationProxy.getProfiles completed successfully","method":"getProfiles","proxy":"RegistrationProxy","responseTime":"147.95ms","timestamp":"2025-10-22 15:31:42"}
{"controller":"RegistrationController.getProfiles","layer":"controller","level":"info","message":"RegistrationController.getProfiles completed successfully","responseTime":"153.79ms","status":200,"timestamp":"2025-10-22 15:31:42"}
